
CITY                                   ZIPCODE P SQFT         MEDIAN(M.PRICE)                                                       
----------------------------------- ---------- - ------------ ---------------                                                       
APOPKA                                   32703 A 3000 - 3999             2091                                                       
                                         32703 B 1000 - 1499             1075                                                       
                                         32703 B 1500 - 1999             1150                                                       
                                         32703 B 2000 - 2499           1547.5                                                       
                                         32703 B Under 1000               895                                                       
                                         32703 C 1000 - 1499             1700                                                       
                                         32703 C 2000 - 2499             1500                                                       
                                         32712 A 1000 - 1499              795                                                       
                                         32712 A 2000 - 2499             2295                                                       
                                         32712 B 1000 - 1499             1200                                                       
                                         32712 B 1500 - 1999             1195                                                       
                                         32712 B 2000 - 2499             1375                                                       
                                         32712 B 2500 - 2999             1695                                                       
                                         32712 B 3000 - 3999             1866                                                       
                                         32712 B 4000 - 4999             1895                                                       
                                                                                                                                    
CAPE CANAVERAL                           32920 B 1000 - 1499             1500                                                       
                                         32920 B 1500 - 1999             1700                                                       
                                         32920 B 2000 - 2499             1250                                                       
                                         32920 B 2500 - 2999             4000                                                       
                                         32920 B Under 1000              1200                                                       
                                         32920 C 1000 - 1499             1050                                                       
                                         32920 C 1500 - 1999             1175                                                       
                                         32920 C 2000 - 2499             1200                                                       
                                         32920 C Under 1000               650                                                       
                                                                                                                                    
CHRISTMAS                                32709 B 1500 - 1999             1400                                                       
                                                                                                                                    
COCOA                                    32922 B 1000 - 1499              750                                                       
                                         32922 B 1500 - 1999              995                                                       
                                         32922 B 2000 - 2499             1300                                                       
                                         32922 B 2500 - 2999             3000                                                       
                                         32922 B 3000 - 3999             2300                                                       
                                         32922 C 1000 - 1499              850                                                       
                                         32922 C 3000 - 3999             1800                                                       
                                         32922 C Under 1000               600                                                       
                                         32926 A 2500 - 2999             1900                                                       
                                         32926 B 1000 - 1499             1100                                                       
                                         32926 B 1500 - 1999             1000                                                       
                                         32926 B 2000 - 2499             1400                                                       
                                         32926 B 2500 - 2999             1550                                                       
                                         32926 B 3000 - 3999             3800                                                       
                                         32926 C 1000 - 1499              850                                                       
                                         32926 C 1500 - 1999             1100                                                       
                                         32926 C Under 1000               595                                                       
                                         32927 B 1000 - 1499              925                                                       
                                         32927 B 1500 - 1999             1150                                                       
                                         32927 B 2000 - 2499             1200                                                       
                                         32927 B 2500 - 2999             1300                                                       
                                         32927 B 5000 - 5999              800                                                       
                                         32927 B Under 1000               850                                                       
                                         32927 C 1000 - 1499              825                                                       
                                         32927 C 1500 - 1999              695                                                       
                                         32927 C 3000 - 3999             1200                                                       
                                         32927 C Under 1000               725                                                       
                                                                                                                                    
COCOA BEACH                              32931 A 3000 - 3999             3800                                                       
                                         32931 A 4000 - 4999             3500                                                       
                                         32931 A 5000 - 5999             6500                                                       
                                         32931 B 1000 - 1499             1400                                                       
                                         32931 B 1500 - 1999             1900                                                       
                                         32931 B 2000 - 2499             1700                                                       
                                         32931 B 2500 - 2999             2500                                                       
                                         32931 B 4000 - 4999             4900                                                       
                                         32931 B Under 1000               850                                                       
                                         32931 C 1000 - 1499             1550                                                       
                                         32931 C 1500 - 1999             1500                                                       
                                         32931 C 2000 - 2499             1700                                                       
                                         32931 C Under 1000               950                                                       
                                                                                                                                    
DEBARY                                   32713 A 1500 - 1999             1295                                                       
                                         32713 A 2000 - 2499             1700                                                       
                                         32713 B 1000 - 1499            887.5                                                       
                                         32713 B 1500 - 1999             1250                                                       
                                         32713 B 2000 - 2499             1345                                                       
                                         32713 B 2500 - 2999           1737.5                                                       
                                         32713 B Under 1000              1150                                                       
                                         32713 C Under 1000               850                                                       
                                                                                                                                    
DELAND                                   32720 A 3000 - 3999             2700                                                       
                                         32720 B 1000 - 1499              875                                                       
                                         32720 B 1500 - 1999             1225                                                       
                                         32720 B 2000 - 2499              950                                                       
                                         32720 B Under 1000               600                                                       
                                         32720 C Under 1000               675                                                       
                                         32724 B 1000 - 1499            887.5                                                       
                                         32724 B 1500 - 1999             1350                                                       
                                         32724 B 2000 - 2499             1450                                                       
                                         32724 B 2500 - 2999             2000                                                       
                                         32724 C 1500 - 1999              600                                                       
                                         32724 C Under 1000               625                                                       
                                                                                                                                    
DELTONA                                  32725 B 1000 - 1499              900                                                       
                                         32725 B 1500 - 1999             1025                                                       
                                         32725 B 2000 - 2499             1150                                                       
                                         32738 B 1000 - 1499              800                                                       
                                         32738 B 1500 - 1999              995                                                       
                                         32738 B Under 1000               800                                                       
                                                                                                                                    
GOTHA                                    34734 A 2000 - 2499             1999                                                       
                                         34734 B 1500 - 1999             1250                                                       
                                         34734 B 2500 - 2999             1750                                                       
                                         34734 C 1000 - 1499              850                                                       
                                                                                                                                    
GRANT                                    32949 B 1500 - 1999             1800                                                       
                                         32949 B 2000 - 2499             1700                                                       
                                         32949 B 2500 - 2999             2200                                                       
                                                                                                                                    
INDIALANTIC                              32903 A 2000 - 2499             2400                                                       
                                         32903 A 2500 - 2999             2400                                                       
                                         32903 A 3000 - 3999             2800                                                       
                                         32903 A 4000 - 4999             3600                                                       
                                         32903 B 1000 - 1499             1200                                                       
                                         32903 B 1500 - 1999             1495                                                       
                                         32903 B 2000 - 2499             3000                                                       
                                         32903 B 2500 - 2999             2200                                                       
                                         32903 B 3000 - 3999             2500                                                       
                                         32903 C 1000 - 1499             1200                                                       
                                         32903 C 1500 - 1999             2000                                                       
                                         32903 C 2000 - 2499             1150                                                       
                                         32903 C Under 1000             812.5                                                       
                                                                                                                                    
LAKE HELEN                               32744 C Under 1000               800                                                       
                                                                                                                                    
MAITLAND                                 32751 A 3000 - 3999             3800                                                       
                                         32751 B 1500 - 1999             1300                                                       
                                         32751 B 2000 - 2499             2250                                                       
                                         32751 B 5000 - 5999             6500                                                       
                                         32751 C 1500 - 1999              817                                                       
                                         32751 C 2000 - 2499             2950                                                       
                                         32751 C 2500 - 2999             2250                                                       
                                                                                                                                    
MALABAR                                  32950 B 1500 - 1999             1200                                                       
                                         32950 B 2000 - 2499             1950                                                       
                                         32950 B 3000 - 3999             1800                                                       
                                         32950 C 1500 - 1999              900                                                       
                                         32950 C Under 1000         100001231                                                       
                                                                                                                                    
MELBOURNE                                32901 B 1000 - 1499             1050                                                       
                                         32901 B 1500 - 1999             1100                                                       
                                         32901 B 2000 - 2499             1500                                                       
                                         32901 C 1000 - 1499              850                                                       
                                         32901 C 1500 - 1999              925                                                       
                                         32901 C Under 1000               805                                                       
                                         32904 A 2000 - 2499             2200                                                       
                                         32904 A 2500 - 2999             2100                                                       
                                         32904 B 1000 - 1499             1200                                                       
                                         32904 B 1500 - 1999             1250                                                       
                                         32904 B 2000 - 2499             1500                                                       
                                         32904 B 2500 - 2999             1600                                                       
                                         32904 B 3000 - 3999             1550                                                       
                                         32904 C 1000 - 1499              850                                                       
                                         32904 C 1500 - 1999              925                                                       
                                         32904 C Under 1000               650                                                       
                                         32934 A 2500 - 2999             2900                                                       
                                         32934 A 3000 - 3999             2900                                                       
                                         32934 A 4000 - 4999             3000                                                       
                                         32934 B 1000 - 1499             1050                                                       
                                         32934 B 1500 - 1999             1200                                                       
                                         32934 B 2000 - 2499             1500                                                       
                                         32934 B 2500 - 2999             1950                                                       
                                         32934 B 3000 - 3999             1850                                                       
                                         32934 C 1000 - 1499              850                                                       
                                         32935 A 2500 - 2999             2950                                                       
                                         32935 A 3000 - 3999             2700                                                       
                                         32935 B 1000 - 1499             1100                                                       
                                         32935 B 1500 - 1999             1200                                                       
                                         32935 B 2000 - 2499             1400                                                       
                                         32935 B Under 1000               825                                                       
                                         32935 C 1000 - 1499              850                                                       
                                         32935 C 1500 - 1999              800                                                       
                                         32935 C 2000 - 2499             1100                                                       
                                         32935 C Under 1000               850                                                       
                                         32940 A 1500 - 1999             2300                                                       
                                         32940 A 2000 - 2499             2400                                                       
                                         32940 A 2500 - 2999             1950                                                       
                                         32940 A 3000 - 3999             3350                                                       
                                         32940 A 4000 - 4999             3850                                                       
                                         32940 A 5000 - 5999             4000                                                       
                                         32940 B 1000 - 1499             1100                                                       
                                         32940 B 1500 - 1999             1500                                                       
                                         32940 B 2000 - 2499             1698                                                       
                                         32940 B 2500 - 2999             1850                                                       
                                         32940 B 3000 - 3999             2300                                                       
                                                                                                                                    
MELBOURNE BEACH                          32951 A 1000 - 1499             1800                                                       
                                         32951 A 1500 - 1999             2490                                                       
                                         32951 A 2000 - 2499             2500                                                       
                                         32951 A 2500 - 2999             3000                                                       
                                         32951 A 3000 - 3999             3900                                                       
                                         32951 A 5000 - 5999             6500                                                       
                                         32951 B 1000 - 1499             1300                                                       
                                         32951 B 1500 - 1999             1850                                                       
                                         32951 B 2000 - 2499             2000                                                       
                                         32951 B 2500 - 2999             2350                                                       
                                         32951 B 3000 - 3999             3000                                                       
                                         32951 B Under 1000              1050                                                       
                                         32951 C 1000 - 1499             2200                                                       
                                         32951 C 2000 - 2499             2200                                                       
                                         32951 C Under 1000              2000                                                       
                                                                                                                                    
MERRITT ISLAND                           32952 A 2500 - 2999             4000                                                       
                                         32952 A 3000 - 3999             2500                                                       
                                         32952 B 1000 - 1499             1100                                                       
                                         32952 B 1500 - 1999             1495                                                       
                                         32952 B 2000 - 2499             1850                                                       
                                         32952 B 2500 - 2999             2200                                                       
                                         32952 B 3000 - 3999             2200                                                       
                                         32952 C 1000 - 1499             1100                                                       
                                         32952 C 1500 - 1999             1395                                                       
                                         32952 C 2000 - 2499              595                                                       
                                         32952 C Under 1000               995                                                       
                                         32953 A 3000 - 3999             2000                                                       
                                         32953 B 1000 - 1499              875                                                       
                                         32953 B 1500 - 1999             1400                                                       
                                         32953 B 2000 - 2499             1500                                                       
                                         32953 B 2500 - 2999             2495                                                       
                                         32953 B 3000 - 3999             1700                                                       
                                         32953 C 1000 - 1499             1000                                                       
                                         32953 C 1500 - 1999              995                                                       
                                         32953 C Under 1000               770                                                       
                                                                                                                                    
MIMS                                     32754 A 4000 - 4999             2000                                                       
                                         32754 B 1500 - 1999              850                                                       
                                         32754 B 2500 - 2999             1300                                                       
                                         32754 C 1000 - 1499              950                                                       
                                         32754 C 1500 - 1999              900                                                       
                                         32754 C Under 1000               800                                                       
                                                                                                                                    
MOUNT DORA                               32757 A 2000 - 2499             1500                                                       
                                         32757 B 1500 - 1999             1190                                                       
                                         32757 B 2500 - 2999             1450                                                       
                                         32757 B Under 1000               700                                                       
                                         32757 C 2500 - 2999             2100                                                       
                                                                                                                                    
NEW SMYRNA BEACH                         32168 A 3000 - 3999             3500                                                       
                                         32168 B 1000 - 1499              750                                                       
                                                                                                                                    
OCOEE                                    34761 A 1000 - 1499             1075                                                       
                                         34761 A 1500 - 1999             1395                                                       
                                         34761 B 1000 - 1499             1095                                                       
                                         34761 B 1500 - 1999             1325                                                       
                                         34761 B 2000 - 2499             1495                                                       
                                         34761 B 2500 - 2999             1650                                                       
                                         34761 B 3000 - 3999             1917                                                       
                                         34761 B 4000 - 4999              800                                                       
                                         34761 C 1000 - 1499              900                                                       
                                         34761 C 1500 - 1999             1350                                                       
                                                                                                                                    
ORANGE CITY                              32763 B 1000 - 1499              850                                                       
                                         32763 B 1500 - 1999             1100                                                       
                                         32763 B 2000 - 2499             1800                                                       
                                         32763 B Under 1000             749.5                                                       
                                         32763 C 1000 - 1499              850                                                       
                                                                                                                                    
ORLANDO                                  32801 B 1000 - 1499             1750                                                       
                                         32801 B 3000 - 3999             1600                                                       
                                         32801 B Under 1000              1200                                                       
                                         32801 C 1000 - 1499             1195                                                       
                                         32801 C 1500 - 1999             1300                                                       
                                         32801 C 3000 - 3999             1975                                                       
                                         32801 C 4000 - 4999             5750                                                       
                                         32801 C Under 1000            1122.5                                                       
                                         32803 A 1000 - 1499             1150                                                       
                                         32803 A 1500 - 1999             1700                                                       
                                         32803 A 2000 - 2499             1375                                                       
                                         32803 A 2500 - 2999             1675                                                       
                                         32803 B 1000 - 1499             1200                                                       
                                         32803 B 1500 - 1999             1750                                                       
                                         32803 B 2000 - 2499             1750                                                       
                                         32803 B 2500 - 2999             2800                                                       
                                         32803 B Under 1000              1200                                                       
                                         32803 C 1000 - 1499            972.5                                                       
                                         32803 C 1500 - 1999             2000                                                       
                                         32803 C 2000 - 2499             3500                                                       
                                         32803 C Under 1000               995                                                       
                                         32804 A 1000 - 1499             1400                                                       
                                         32804 A 1500 - 1999             1500                                                       
                                         32804 A 2000 - 2499             2100                                                       
                                         32804 A 2500 - 2999             2900                                                       
                                         32804 A 3000 - 3999             3750                                                       
                                         32804 B 1000 - 1499             1410                                                       
                                         32804 B 1500 - 1999           1222.5                                                       
                                         32804 B 2000 - 2499             2000                                                       
                                         32804 B Under 1000              1050                                                       
                                         32804 C 1000 - 1499            922.5                                                       
                                         32804 C 1500 - 1999           1724.5                                                       
                                         32804 C 2000 - 2499             1495                                                       
                                         32804 C 2500 - 2999             2500                                                       
                                         32804 C Under 1000               845                                                       
                                         32805 C 1000 - 1499            922.5                                                       
                                         32805 C Under 1000             757.5                                                       
                                         32806 A 1000 - 1499             1300                                                       
                                         32806 B 1000 - 1499             1325                                                       
                                         32806 B 1500 - 1999           1347.5                                                       
                                         32806 B 2000 - 2499             2050                                                       
                                         32806 B 4000 - 4999             4000                                                       
                                         32806 B Under 1000            1112.5                                                       
                                         32806 C 1500 - 1999             2200                                                       
                                         32806 C 2500 - 2999             2500                                                       
                                         32806 C Under 1000              1150                                                       
                                         32807 A 1000 - 1499              800                                                       
                                         32807 B 1000 - 1499              975                                                       
                                         32807 B 1500 - 1999             1300                                                       
                                         32807 B 2000 - 2499             1400                                                       
                                         32807 C 1500 - 1999           1362.5                                                       
                                         32807 C Under 1000               850                                                       
                                         32808 A 1000 - 1499             1500                                                       
                                         32808 B 1000 - 1499              800                                                       
                                         32808 B 1500 - 1999             1250                                                       
                                         32808 C 1000 - 1499            862.5                                                       
                                         32808 C 1500 - 1999           1022.5                                                       
                                         32808 C 2000 - 2499              850                                                       
                                         32808 C Under 1000               695                                                       
                                         32809 A 3000 - 3999             3000                                                       
                                         32809 B 1000 - 1499              900                                                       
                                         32809 B 1500 - 1999             1295                                                       
                                         32809 B Under 1000               599                                                       
                                         32809 C 1000 - 1499              950                                                       
                                         32809 C 4000 - 4999             2600                                                       
                                         32809 C Under 1000               710                                                       
                                         32810 B 1000 - 1499             1050                                                       
                                         32810 B 1500 - 1999             1400                                                       
                                         32810 B 2000 - 2499           1412.5                                                       
                                         32810 B Under 1000               850                                                       
                                         32810 C 1000 - 1499              900                                                       
                                         32810 C 1500 - 1999             1150                                                       
                                         32810 C 2000 - 2499             1260                                                       
                                         32810 C Under 1000               795                                                       
                                         32811 C 1000 - 1499              900                                                       
                                         32811 C Under 1000             772.5                                                       
                                         32812 A 1000 - 1499              995                                                       
                                         32812 A 2000 - 2499             1600                                                       
                                         32812 B 1000 - 1499             1200                                                       
                                         32812 B 1500 - 1999             1200                                                       
                                         32812 B 2000 - 2499             1495                                                       
                                         32812 B 3000 - 3999             2500                                                       
                                         32812 C 1000 - 1499             1100                                                       
                                         32814 A 2000 - 2499             2317                                                       
                                         32814 A 3000 - 3999              975                                                       
                                         32814 B 1500 - 1999             2500                                                       
                                         32814 B 2000 - 2499             2625                                                       
                                         32814 B 3000 - 3999           1497.5                                                       
                                         32814 C 2000 - 2499             2600                                                       
                                         32814 C 2500 - 2999             3075                                                       
                                         32814 C 3000 - 3999           1033.5                                                       
                                         32814 C 4000 - 4999             5200                                                       
                                         32817 A 1500 - 1999             1500                                                       
                                         32817 A 2000 - 2499             1700                                                       
                                         32817 B 1000 - 1499             1150                                                       
                                         32817 B 1500 - 1999           1412.5                                                       
                                         32817 B 2000 - 2499             1747                                                       
                                         32817 B 2500 - 2999             1550                                                       
                                         32817 B Under 1000               925                                                       
                                         32817 C 1000 - 1499              895                                                       
                                         32817 C Under 1000               795                                                       
                                         32818 A 1000 - 1499             1100                                                       
                                         32818 B 1000 - 1499              950                                                       
                                         32818 B 1500 - 1999             1195                                                       
                                         32818 B 2000 - 2499           1497.5                                                       
                                         32818 B 2500 - 2999             1625                                                       
                                         32818 C 1000 - 1499              850                                                       
                                         32818 C 1500 - 1999             1025                                                       
                                         32818 C 2500 - 2999             1550                                                       
                                         32819 A 1500 - 1999             1900                                                       
                                         32819 A 2000 - 2499             1600                                                       
                                         32819 A 2500 - 2999             2500                                                       
                                         32819 A 3000 - 3999             2675                                                       
                                         32819 B 1500 - 1999             1600                                                       
                                         32819 B 2000 - 2499             2250                                                       
                                         32819 B 3000 - 3999             3600                                                       
                                         32819 B 4000 - 4999             2600                                                       
                                         32819 C 1000 - 1499             1075                                                       
                                         32819 C 1500 - 1999             1649                                                       
                                         32819 C 2000 - 2499             2100                                                       
                                         32819 C 2500 - 2999           2772.5                                                       
                                         32819 C 3000 - 3999             2700                                                       
                                         32820 B 1500 - 1999           1347.5                                                       
                                         32820 B 2000 - 2499             1395                                                       
                                         32820 B 3000 - 3999             1695                                                       
                                         32820 C 1500 - 1999             1300                                                       
                                         32820 C 3000 - 3999             3300                                                       
                                         32821 A 2500 - 2999             2100                                                       
                                         32821 B 1000 - 1499             1250                                                       
                                         32821 B 1500 - 1999             1150                                                       
                                         32821 B 2000 - 2499             1375                                                       
                                         32822 B 1000 - 1499             1095                                                       
                                         32822 B 1500 - 1999             1400                                                       
                                         32822 C 1000 - 1499             1050                                                       
                                         32822 C 1500 - 1999             1450                                                       
                                         32822 C Under 1000               850                                                       
                                         32824 A 1000 - 1499             1200                                                       
                                         32824 A 1500 - 1999             1300                                                       
                                         32824 B 1000 - 1499              900                                                       
                                         32824 B 1500 - 1999             1225                                                       
                                         32824 B 2000 - 2499             1395                                                       
                                         32824 B 3000 - 3999             1800                                                       
                                         32824 C 1000 - 1499           1072.5                                                       
                                         32824 C 1500 - 1999             1275                                                       
                                         32824 C 2000 - 2499             1500                                                       
                                         32824 C 2500 - 2999             1600                                                       
                                         32824 C 3000 - 3999             1550                                                       
                                         32825 B 1000 - 1499           1147.5                                                       
                                         32825 B 1500 - 1999             1300                                                       
                                         32825 B 2000 - 2499             1595                                                       
                                         32825 B 2500 - 2999             1617                                                       
                                         32825 B 3000 - 3999             2500                                                       
                                         32825 B Under 1000               895                                                       
                                         32825 C 1000 - 1499             1075                                                       
                                         32826 B 1000 - 1499             1200                                                       
                                         32826 B 1500 - 1999             1300                                                       
                                         32826 B 2000 - 2499             1600                                                       
                                         32826 B 2500 - 2999           1812.5                                                       
                                         32826 B Under 1000               850                                                       
                                         32826 C 1000 - 1499              850                                                       
                                         32826 C 1500 - 1999             1245                                                       
                                         32826 C Under 1000               725                                                       
                                         32827 A 1500 - 1999           1537.5                                                       
                                         32827 A 2000 - 2499             1850                                                       
                                         32827 A 2500 - 2999             1800                                                       
                                         32827 A 3000 - 3999             2025                                                       
                                         32827 B 1500 - 1999             1600                                                       
                                         32827 C 1000 - 1499             1399                                                       
                                         32827 C 1500 - 1999           1722.5                                                       
                                         32828 A 1000 - 1499             1150                                                       
                                         32828 A 1500 - 1999             1295                                                       
                                         32828 B 1000 - 1499             1075                                                       
                                         32828 B 1500 - 1999             1317                                                       
                                         32828 B 2000 - 2499             1567                                                       
                                         32828 B 2500 - 2999             1700                                                       
                                         32828 B 3000 - 3999             1750                                                       
                                         32828 C 1000 - 1499             1250                                                       
                                         32828 C 1500 - 1999             1300                                                       
                                         32828 C 2000 - 2499           1422.5                                                       
                                         32828 C 2500 - 2999             1750                                                       
                                         32828 C 3000 - 3999           1747.5                                                       
                                         32829 A 1000 - 1499             1025                                                       
                                         32829 A 1500 - 1999           1197.5                                                       
                                         32829 B 1000 - 1499           1172.5                                                       
                                         32829 B 1500 - 1999           1322.5                                                       
                                         32829 B 2000 - 2499             1550                                                       
                                         32829 B 2500 - 2999             1695                                                       
                                         32829 B 3000 - 3999           1822.5                                                       
                                         32832 A 1500 - 1999             1267                                                       
                                         32832 A 2000 - 2499             1900                                                       
                                         32832 A 3000 - 3999             1900                                                       
                                         32832 B 1000 - 1499             1325                                                       
                                         32832 B 1500 - 1999             1350                                                       
                                         32832 B 2000 - 2499             1650                                                       
                                         32832 B 2500 - 2999             1650                                                       
                                         32832 B 3000 - 3999             2100                                                       
                                         32832 C 1000 - 1499             1225                                                       
                                         32832 C 1500 - 1999             1275                                                       
                                         32832 C 2000 - 2499             2300                                                       
                                         32832 C 3000 - 3999             2195                                                       
                                         32833 B 1000 - 1499              950                                                       
                                         32833 B 1500 - 1999             1100                                                       
                                         32833 B 2000 - 2499             1475                                                       
                                         32835 A 1500 - 1999             1350                                                       
                                         32835 A 2000 - 2499             1650                                                       
                                         32835 A 2500 - 2999           2099.5                                                       
                                         32835 B 1500 - 1999             1700                                                       
                                         32835 B 2000 - 2499             2000                                                       
                                         32835 B 2500 - 2999             2400                                                       
                                         32835 C 1000 - 1499             1200                                                       
                                         32835 C 1500 - 1999             1245                                                       
                                         32835 C 2000 - 2499             1975                                                       
                                         32835 C 2500 - 2999             2175                                                       
                                         32835 C 3000 - 3999             3000                                                       
                                         32836 A 1000 - 1499             1475                                                       
                                         32836 A 1500 - 1999             1975                                                       
                                         32836 A 5000 - 5999             7500                                                       
                                         32836 A 6000 - 9999             4950                                                       
                                         32836 B 2500 - 2999             1866                                                       
                                         32836 B 3000 - 3999             1967                                                       
                                         32836 B 4000 - 4999             4700                                                       
                                         32836 C 1000 - 1499             1250                                                       
                                         32836 C 1500 - 1999             1595                                                       
                                         32836 C 2000 - 2499             2350                                                       
                                         32836 C 2500 - 2999             2990                                                       
                                         32836 C 3000 - 3999             2900                                                       
                                         32837 A 1000 - 1499             1200                                                       
                                         32837 A 1500 - 1999             1945                                                       
                                         32837 A 2000 - 2499             1525                                                       
                                         32837 A 3000 - 3999             2350                                                       
                                         32837 B 1000 - 1499             1100                                                       
                                         32837 B 1500 - 1999             1400                                                       
                                         32837 B 2000 - 2499             1595                                                       
                                         32837 B 2500 - 2999             1975                                                       
                                         32837 B 3000 - 3999             2200                                                       
                                         32837 B Under 1000               875                                                       
                                         32837 C 1000 - 1499              900                                                       
                                         32837 C 3000 - 3999           1899.5                                                       
                                         32839 A 1500 - 1999             1295                                                       
                                         32839 B 1000 - 1499              850                                                       
                                         32839 B 1500 - 1999           1133.5                                                       
                                         32839 B 2000 - 2499             1150                                                       
                                         32839 C 1000 - 1499           1122.5                                                       
                                         32839 C 1500 - 1999             1150                                                       
                                                                                                                                    
PALM BAY                                 32905 B 1000 - 1499              900                                                       
                                         32905 B 1500 - 1999             1100                                                       
                                         32905 B 2000 - 2499              900                                                       
                                         32905 B Under 1000               750                                                       
                                         32905 C 1000 - 1499              725                                                       
                                         32905 C 1500 - 1999              850                                                       
                                         32905 C Under 1000               700                                                       
                                         32907 B 1000 - 1499              850                                                       
                                         32907 B 1500 - 1999              975                                                       
                                         32907 B 2000 - 2499             1150                                                       
                                         32907 B 2500 - 2999             1350                                                       
                                         32907 C 1000 - 1499              800                                                       
                                         32907 C 1500 - 1999              800                                                       
                                         32907 C 2000 - 2499             1000                                                       
                                         32907 C Under 1000               685                                                       
                                         32908 B 1000 - 1499              850                                                       
                                         32908 B 1500 - 1999             1300                                                       
                                         32908 B 2000 - 2499             1200                                                       
                                         32908 B 2500 - 2999             1200                                                       
                                         32908 B 3000 - 3999             2100                                                       
                                         32908 C 1000 - 1499              825                                                       
                                         32908 C 1500 - 1999              850                                                       
                                         32908 C Under 1000               700                                                       
                                         32909 A 2000 - 2499             1500                                                       
                                         32909 A 2500 - 2999             2200                                                       
                                         32909 A 3000 - 3999             2050                                                       
                                         32909 B 1000 - 1499              800                                                       
                                         32909 B 1500 - 1999              975                                                       
                                         32909 B 2000 - 2499             1200                                                       
                                         32909 B 2500 - 2999             1350                                                       
                                         32909 B 3000 - 3999             2000                                                       
                                         32909 C 1000 - 1499              850                                                       
                                         32909 C 1500 - 1999              995                                                       
                                         32909 C Under 1000               725                                                       
                                                                                                                                    
PORT ORANGE                              32128 B 1500 - 1999             1585                                                       
                                         32128 B 4000 - 4999             2950                                                       
                                                                                                                                    
ROCKLEDGE                                32955 A 3000 - 3999             3500                                                       
                                         32955 B 1000 - 1499             1295                                                       
                                         32955 B 1500 - 1999             1375                                                       
                                         32955 B 2000 - 2499           1737.5                                                       
                                         32955 B 2500 - 2999             1900                                                       
                                         32955 B 3000 - 3999             1950                                                       
                                         32955 C 1000 - 1499              900                                                       
                                         32955 C 1500 - 1999              925                                                       
                                         32955 C Under 1000               818                                                       
                                                                                                                                    
SATELLITE BEACH                          32937 A 1500 - 1999             2000                                                       
                                         32937 A 2000 - 2499             5500                                                       
                                         32937 A 2500 - 2999             3175                                                       
                                         32937 A 3000 - 3999             2500                                                       
                                         32937 A 4000 - 4999             4500                                                       
                                         32937 A 5000 - 5999             4750                                                       
                                         32937 B 1000 - 1499             1200                                                       
                                         32937 B 1500 - 1999             1500                                                       
                                         32937 B 2000 - 2499             1500                                                       
                                         32937 B 3000 - 3999             2000                                                       
                                         32937 C 1000 - 1499             1000                                                       
                                         32937 C 1500 - 1999             1250                                                       
                                         32937 C 2000 - 2499             1295                                                       
                                         32937 C Under 1000               950                                                       
                                                                                                                                    
SEBASTIAN                                32976 B 2000 - 2499             1675                                                       
                                         32976 C 1500 - 1999              700                                                       
                                                                                                                                    
TITUSVILLE                               32780 B 1000 - 1499              850                                                       
                                         32780 B 1500 - 1999             1000                                                       
                                         32780 B 2000 - 2499             1600                                                       
                                         32780 B 2500 - 2999             1450                                                       
                                         32780 B 3000 - 3999             1825                                                       
                                         32780 B 5000 - 5999             1800                                                       
                                         32780 B Under 1000               625                                                       
                                         32780 C 1000 - 1499              750                                                       
                                         32780 C 1500 - 1999              875                                                       
                                         32780 C Under 1000               650                                                       
                                         32796 B 1000 - 1499              900                                                       
                                         32796 B 1500 - 1999             1000                                                       
                                         32796 B 2000 - 2499             1150                                                       
                                         32796 B 3000 - 3999             1600                                                       
                                         32796 B Under 1000               650                                                       
                                         32796 C 1000 - 1499              800                                                       
                                         32796 C 1500 - 1999              900                                                       
                                         32796 C 2500 - 2999              700                                                       
                                         32796 C Under 1000               600                                                       
                                                                                                                                    
WINDERMERE                               34786 A 1000 - 1499             1197                                                       
                                         34786 A 1500 - 1999             1750                                                       
                                         34786 A 2000 - 2499             1950                                                       
                                         34786 A 2500 - 2999           2297.5                                                       
                                         34786 A 3000 - 3999             3000                                                       
                                         34786 A 4000 - 4999             3300                                                       
                                         34786 B 1500 - 1999           1312.5                                                       
                                         34786 B 2000 - 2499             1695                                                       
                                         34786 B 2500 - 2999             1850                                                       
                                         34786 B 3000 - 3999             2050                                                       
                                         34786 B 4000 - 4999             5500                                                       
                                         34786 B 5000 - 5999             6150                                                       
                                         34786 B 6000 - 9999             9250                                                       
                                         34786 C 1000 - 1499             1200                                                       
                                         34786 C 1500 - 1999             1400                                                       
                                         34786 C 2500 - 2999             2825                                                       
                                         34786 C 3000 - 3999             3846                                                       
                                         34786 C 4000 - 4999           3747.5                                                       
                                         34786 C 6000 - 9999             4500                                                       
                                                                                                                                    
WINTER GARDEN                            34787 A 1000 - 1499             1100                                                       
                                         34787 A 1500 - 1999             1495                                                       
                                         34787 A 2000 - 2499             1795                                                       
                                         34787 A 2500 - 2999             2900                                                       
                                         34787 A 3000 - 3999           2572.5                                                       
                                         34787 A 5000 - 5999             3450                                                       
                                         34787 B 1000 - 1499             1100                                                       
                                         34787 B 1500 - 1999             1300                                                       
                                         34787 B 2000 - 2499             1575                                                       
                                         34787 B 2500 - 2999             2100                                                       
                                         34787 B 3000 - 3999             2075                                                       
                                         34787 C 1000 - 1499             1225                                                       
                                         34787 C 1500 - 1999             1400                                                       
                                         34787 C 3000 - 3999           3122.5                                                       
                                         34787 C 5000 - 5999             6500                                                       
                                                                                                                                    
WINTER PARK                              32789 A 1000 - 1499             1050                                                       
                                         32789 A 1500 - 1999             2150                                                       
                                         32789 A 2000 - 2499             3250                                                       
                                         32789 A 6000 - 9999            10000                                                       
                                         32789 B 1000 - 1499             1400                                                       
                                         32789 B 1500 - 1999             1695                                                       
                                         32789 B 2500 - 2999             2900                                                       
                                         32789 B 3000 - 3999             3600                                                       
                                         32789 B 4000 - 4999             5250                                                       
                                         32789 C 1000 - 1499           1037.5                                                       
                                         32789 C 1500 - 1999             1800                                                       
                                         32789 C 2000 - 2499             3425                                                       
                                         32789 C 2500 - 2999             2900                                                       
                                         32789 C 3000 - 3999             4800                                                       
                                         32789 C 4000 - 4999             6000                                                       
                                         32792 B 1000 - 1499             1195                                                       
                                         32792 B 1500 - 1999             1195                                                       
                                         32792 C 1000 - 1499           1397.5                                                       
                                         32792 C 1500 - 1999             1725                                                       
                                         32792 C Under 1000               700                                                       
                                                                                                                                    

611 rows selected.

SQL> spool off
