SQL> @mls_analysis2

CITY                                   ZIPCODE P      ERENT SQFT         YR_CLASS    ASKING      PROP_ID                            
----------------------------------- ---------- - ---------- ------------ ----------- -------- ----------                            
APOPKA                                   32703 B       9.18 1000 - 1499  20 - 39       $1,200     834556                            
                                         32703 B       9.18 1500 - 1999  10 - 19       $1,200     839038                            
                                         32703 B       9.18 2000 - 2499  5 - 9         $1,495     837299                            
                                         32703 B       9.18 1500 - 1999  20 - 39       $1,195     825681                            
                                         32703 B       9.18 1000 - 1499  20 - 39         $699     843545                            
                                         32703 B       9.18 1500 - 1999  20 - 39       $1,300     833303                            
                                         32703 B       9.18 1000 - 1499  10 - 19       $1,100     838863                            
                                         32703 B       9.18 1000 - 1499  40 - 79         $950     838364                            
                                         32703 B       9.18 1000 - 1499  20 - 39         $895     840275                            
                                         32703 B       9.18 1000 - 1499  10 - 19       $1,275     830479                            
                                         32703 B       9.18 1500 - 1999  10 - 19       $1,495     830609                            
                                         32703 B       9.18 1000 - 1499  20 - 39       $1,199     833249                            
                                         32703 C       9.18 1500 - 1999  10 - 19         $950     836927                            
                                         32712 A      10.88 1000 - 1499  20 - 39       $1,200     811493                            
                                         32712 B      10.88 1000 - 1499  10 - 19       $1,195     821911                            
                                         32712 B      10.88 1500 - 1999  10 - 19       $1,300     811473                            
                                         32712 B      10.88 2500 - 2999  20 - 39       $1,195     822876                            
                                         32712 B      10.88 2000 - 2499  10 - 19       $1,300     813583                            
                                         32712 B      10.88 1000 - 1499  10 - 19       $1,050     804654                            
                                         32712 B      10.88 1000 - 1499  20 - 39       $1,195     819756                            
                                         32712 B      10.88 2500 - 2999  5 - 9         $2,100     805240                            
                                         32712 B      10.88 1500 - 1999  Under 5       $1,395     820793                            
                                         32712 B      10.88 3000 - 3999  10 - 19       $1,750     812471                            
                                         32712 B      10.88 1500 - 1999  20 - 39       $1,175     824153                            
                                         32712 B      10.88 1000 - 1499  20 - 39         $975     822146                            
                                         32712 B      10.88 3000 - 3999  10 - 19       $1,950     806333                            
                                         32712 B      10.88 1000 - 1499  10 - 19         $850     767029                            
                                         32712 B      10.88 1000 - 1499  10 - 19       $1,250     813571                            
                                                                                                                                    
CAPE CANAVERAL                           32920 B      14.51 1000 - 1499  5 - 9           $900     178572                            
                                                                                                                                    
COCOA                                    32926 B      10.15 1000 - 1499  20 - 39       $1,200     129937                            
                                         32926 B      10.15 1500 - 1999  20 - 39       $1,050     126457                            
                                         32926 C      10.15 1000 - 1499  10 - 19         $750     127316                            
                                         32927 B       8.98 2000 - 2499  20 - 39       $1,600     117088                            
                                         32927 B       8.98 1500 - 1999  20 - 39         $950     107193                            
                                         32927 C       8.98 3000 - 3999  40 - 79       $1,200     121325                            
                                                                                                                                    
COCOA BEACH                              32931 A      23.77 3000 - 3999  5 - 9         $3,475     179263                            
                                         32931 B      23.77 1500 - 1999  40 - 79       $1,900     222718                            
                                                                                                                                    
DEBARY                                   32713 A       10.3 1000 - 1499  5 - 9         $2,200     526575                            
                                         32713 A       10.3 1500 - 1999  5 - 9         $1,395     728073                            
                                         32713 A       10.3 2500 - 2999  Under 5       $3,070     733634                            
                                         32713 A       10.3 2500 - 2999  Under 5       $2,500     733635                            
                                         32713 A       10.3 3000 - 3999  5 - 9         $2,400     517480                            
                                         32713 B       10.3 2000 - 2499  10 - 19       $1,395     536358                            
                                         32713 B       10.3 1500 - 1999  5 - 9         $1,800     526143                            
                                         32713 B       10.3 1500 - 1999  5 - 9         $1,350     528050                            
                                         32713 B       10.3 1000 - 1499  5 - 9         $1,675     526590                            
                                         32713 B       10.3 2500 - 2999  10 - 19       $1,900     529330                            
                                         32713 B       10.3 Under 1000   20 - 39         $850     533373                            
                                         32713 B       10.3 2000 - 2499  10 - 19       $1,225     526998                            
                                         32713 B       10.3 1000 - 1499  5 - 9         $1,500     530572                            
                                         32713 B       10.3 1500 - 1999  5 - 9         $1,395     528551                            
                                         32713 B       10.3 1000 - 1499  20 - 39         $950     531143                            
                                                                                                                                    
DELAND                                   32720 B       8.27 1000 - 1499  10 - 19       $1,500     514034                            
                                         32720 B       8.27 1000 - 1499  10 - 19         $950     512550                            
                                         32720 B       8.27 Under 1000   80 - 159        $725     501857                            
                                         32720 B       8.27 2000 - 2499  5 - 9         $1,700     733737                            
                                         32720 B       8.27 1500 - 1999  20 - 39         $950     487094                            
                                         32720 B       8.27 1500 - 1999  20 - 39         $950     495219                            
                                         32720 B       8.27 1500 - 1999  40 - 79       $1,100     501878                            
                                         32720 B       8.27 1000 - 1499  40 - 79         $925     501771                            
                                         32720 C       8.27 1000 - 1499  40 - 79       $1,050     506627                            
                                         32720 C       8.27 Under 1000   80 - 159        $775     503468                            
                                         32724 B       9.25 1500 - 1999  5 - 9         $1,400     514297                            
                                         32724 B       9.25 1500 - 1999  10 - 19       $1,500     509011                            
                                         32724 B       9.25 1500 - 1999  5 - 9           $950     499511                            
                                         32724 B       9.25 1500 - 1999  5 - 9         $1,250     500722                            
                                         32724 B       9.25 2500 - 2999  10 - 19       $2,000     493805                            
                                         32724 B       9.25 Under 1000   5 - 9         $1,400     730207                            
                                         32724 B       9.25 1500 - 1999  5 - 9         $1,000     496718                            
                                         32724 B       9.25 1500 - 1999  5 - 9         $1,500     508182                            
                                         32724 B       9.25 2500 - 2999  Under 5       $1,900     744932                            
                                         32724 B       9.25 Under 1000   40 - 79         $795     500286                            
                                         32724 B       9.25 1000 - 1499  5 - 9           $900     739483                            
                                         32724 B       9.25 1000 - 1499  20 - 39         $625     493420                            
                                         32724 B       9.25 1000 - 1499  20 - 39       $1,295     495062                            
                                         32724 B       9.25 1500 - 1999  5 - 9         $1,150     504831                            
                                         32724 C       9.25 Under 1000   40 - 79         $500     502295                            
                                         32724 C       9.25 2000 - 2499  20 - 39         $850     491747                            
                                                                                                                                    
DELTONA                                  32725 B       6.23 1000 - 1499  10 - 19       $1,100     550668                            
                                         32725 B       6.23 1500 - 1999  20 - 39         $995     586371                            
                                         32725 B       6.23 Under 1000   40 - 79         $595     570762                            
                                         32725 B       6.23 1000 - 1499  40 - 79         $695     574205                            
                                         32725 B       6.23 1000 - 1499  20 - 39         $850     548382                            
                                         32725 B       6.23 1000 - 1499  20 - 39         $785     546067                            
                                         32725 B       6.23 Under 1000   40 - 79         $650     563618                            
                                         32725 B       6.23 1500 - 1999  20 - 39       $1,250     583815                            
                                         32725 B       6.23 Under 1000   40 - 79         $650     555510                            
                                         32725 B       6.23 1000 - 1499  20 - 39         $950     553615                            
                                         32725 B       6.23 1500 - 1999  5 - 9         $1,025     593639                            
                                         32725 B       6.23 1000 - 1499  40 - 79         $750     551529                            
                                         32725 B       6.23 Under 1000   40 - 79         $650     560937                            
                                         32725 B       6.23 2000 - 2499  5 - 9         $1,150     573859                            
                                         32725 B       6.23 1000 - 1499  20 - 39         $950     578041                            
                                         32725 B       6.23 2000 - 2499  20 - 39       $1,300     576713                            
                                         32725 B       6.23 1500 - 1999  20 - 39       $1,050     583898                            
                                         32725 B       6.23 1500 - 1999  10 - 19       $1,100     546377                            
                                         32725 B       6.23 1500 - 1999  20 - 39       $1,250     540388                            
                                         32725 B       6.23 1000 - 1499  20 - 39       $1,050     552010                            
                                         32725 B       6.23 1500 - 1999  5 - 9         $1,195     542049                            
                                         32725 B       6.23 1000 - 1499  10 - 19       $1,400     539781                            
                                         32725 B       6.23 Under 1000   40 - 79         $625     564521                            
                                         32725 B       6.23 Under 1000   40 - 79         $650     550705                            
                                         32725 B       6.23 1000 - 1499  40 - 79         $700     551707                            
                                         32725 B       6.23 2000 - 2499  10 - 19       $1,250     552295                            
                                         32725 B       6.23 Under 1000   40 - 79         $650     571930                            
                                         32725 B       6.23 2000 - 2499  10 - 19       $1,100     544972                            
                                         32725 B       6.23 1500 - 1999  5 - 9         $1,350     573826                            
                                         32725 C       6.23 Under 1000   20 - 39         $800     580993                            
                                         32738 A       6.51 3000 - 3999  10 - 19       $3,000     574635                            
                                         32738 B       6.51 1000 - 1499  20 - 39         $895     582384                            
                                         32738 B       6.51 1500 - 1999  5 - 9         $1,000     574750                            
                                         32738 B       6.51 1000 - 1499  20 - 39         $875     572283                            
                                         32738 B       6.51 2000 - 2499  10 - 19       $1,125     572636                            
                                         32738 B       6.51 1500 - 1999  5 - 9           $950     564284                            
                                         32738 B       6.51 1000 - 1499  20 - 39         $775     552259                            
                                         32738 B       6.51 1000 - 1499  5 - 9         $1,160     564968                            
                                         32738 B       6.51 1000 - 1499  20 - 39         $895     551550                            
                                         32738 B       6.51 Under 1000   40 - 79         $650     566792                            
                                         32738 B       6.51 1000 - 1499  20 - 39         $825     583483                            
                                         32738 B       6.51 1500 - 1999  5 - 9         $1,000     563376                            
                                         32738 B       6.51 1500 - 1999  10 - 19       $1,050     544419                            
                                                                                                                                    
GOTHA                                    34734 A      11.99 3000 - 3999  10 - 19       $2,300     891562                            
                                         34734 B      11.99 1000 - 1499  40 - 79       $1,075     887577                            
                                         34734 C      11.99 3000 - 3999  20 - 39       $3,700     885954                            
                                                                                                                                    
GRANT                                    32949 B      17.68 2000 - 2499  5 - 9         $1,700     457270                            
                                                                                                                                    
INDIALANTIC                              32903 B      17.45 1000 - 1499  20 - 39       $1,500     306186                            
                                                                                                                                    
LAKE HELEN                               32744 B       7.38 1000 - 1499  20 - 39         $950     511976                            
                                         32744 C       7.38 Under 1000   40 - 79         $650     536570                            
                                                                                                                                    
MAITLAND                                 32751 B      17.84 1500 - 1999  40 - 79       $2,400     950731                            
                                         32751 B      17.84 1500 - 1999  10 - 19       $1,475     938575                            
                                         32751 B      17.84 1500 - 1999  40 - 79       $1,600     935735                            
                                         32751 B      17.84 2000 - 2499  10 - 19       $1,600     938558                            
                                         32751 B      17.84 1500 - 1999  10 - 19       $1,500     938527                            
                                         32751 C      17.84 2500 - 2999  40 - 79       $2,975    1084664                            
                                         32751 C      17.84 1500 - 1999  40 - 79       $1,950    1083519                            
                                         32751 C      17.84 1500 - 1999  40 - 79       $2,195    1083631                            
                                         32751 C      17.84 2000 - 2499  40 - 79       $2,400    1082841                            
                                         32751 C      17.84 4000 - 4999  5 - 9         $1,250     949760                            
                                         32751 C      17.84 1500 - 1999  40 - 79       $2,150    1083307                            
                                         32751 C      17.84 1500 - 1999  5 - 9         $1,900     936731                            
                                         32751 C      17.84 3000 - 3999  20 - 39       $3,950    1082553                            
                                         32751 C      17.84 1000 - 1499  10 - 19         $900     949633                            
                                         32751 C      17.84 2000 - 2499  40 - 79       $2,200    1082737                            
                                                                                                                                    
MELBOURNE                                32901 B       8.91 1000 - 1499  40 - 79       $1,050     346607                            
                                         32901 B       8.91 1500 - 1999  5 - 9         $1,100     355813                            
                                         32904 B      12.03 3000 - 3999  5 - 9         $1,500     346715                            
                                         32904 B      12.03 1500 - 1999  40 - 79       $1,300     343659                            
                                         32904 B      12.03 2000 - 2499  5 - 9         $1,450     360715                            
                                         32904 B      12.03 1500 - 1999  20 - 39       $1,700     318385                            
                                         32904 B      12.03 2000 - 2499  5 - 9         $1,375     346144                            
                                         32934 B      13.44 1500 - 1999  5 - 9         $1,250     269317                            
                                         32935 A        9.4 6000 - 9999  40 - 79       $5,000     303624                            
                                         32935 A        9.4 2500 - 2999  20 - 39       $2,800     305403                            
                                         32935 B        9.4 1000 - 1499  20 - 39         $975     306951                            
                                         32935 C        9.4 1000 - 1499  40 - 79         $850     298896                            
                                         32935 C        9.4 Under 1000   20 - 39         $900     283007                            
                                         32935 C        9.4 Under 1000   40 - 79         $800     258999                            
                                         32940 B      14.28 2000 - 2499  5 - 9         $1,450     245136                            
                                         32940 B      14.28 1500 - 1999  10 - 19       $1,400     246959                            
                                         32940 B      14.28 1500 - 1999  20 - 39       $1,350     240371                            
                                         32940 B      14.28 2000 - 2499  10 - 19       $1,800     228060                            
                                         32940 B      14.28 1500 - 1999  10 - 19       $1,450     247393                            
                                         32940 B      14.28 2500 - 2999  10 - 19       $2,200     246530                            
                                         32940 B      14.28 1000 - 1499  10 - 19       $1,249     234232                            
                                         32940 B      14.28 1500 - 1999  Under 5       $1,425     230911                            
                                         32940 B      14.28 1500 - 1999  5 - 9         $1,500     248240                            
                                                                                                                                    
MELBOURNE BEACH                          32951 B      22.29 2000 - 2499  40 - 79       $2,150     383924                            
                                         32951 B      22.29 1000 - 1499  10 - 19       $2,300     390932                            
                                         32951 C      22.29 Under 1000   20 - 39       $2,000     455419                            
                                                                                                                                    
MERRITT ISLAND                           32952 B      13.87 1000 - 1499  40 - 79       $1,300     172189                            
                                         32952 C      13.87 2000 - 2499  40 - 79       $1,550     182741                            
                                         32953 B      13.43 1000 - 1499  20 - 39         $850     146045                            
                                         32953 C      13.43 1000 - 1499  40 - 79       $1,100     151512                            
                                         32953 C      13.43 1000 - 1499  40 - 79         $850     150342                            
                                                                                                                                    
MOUNT DORA                               32757 B      12.33 2500 - 2999  5 - 9         $1,500     760629                            
                                                                                                                                    
OCOEE                                    34761 A      10.97 1000 - 1499  5 - 9         $1,050     860679                            
                                         34761 A      10.97 1500 - 1999  Under 5       $1,700     888196                            
                                         34761 B      10.97 3000 - 3999  5 - 9         $2,300     845434                            
                                         34761 B      10.97 1000 - 1499  20 - 39       $1,050     853310                            
                                         34761 B      10.97 2500 - 2999  10 - 19       $2,300     854781                            
                                         34761 B      10.97 3000 - 3999  5 - 9         $2,150     856365                            
                                         34761 B      10.97 3000 - 3999  5 - 9         $1,950     856522                            
                                         34761 B      10.97 1000 - 1499  20 - 39       $1,200     853860                            
                                         34761 B      10.97 1500 - 1999  10 - 19       $1,275     861481                            
                                         34761 B      10.97 3000 - 3999  5 - 9         $2,200     845210                            
                                         34761 B      10.97 1000 - 1499  5 - 9         $1,250     856870                            
                                         34761 B      10.97 2000 - 2499  10 - 19       $2,000     888359                            
                                                                                                                                    
ORANGE CITY                              32763 B       7.52 Under 1000   20 - 39         $725     520869                            
                                         32763 B       7.52 1000 - 1499  5 - 9           $900     736973                            
                                         32763 B       7.52 1500 - 1999  20 - 39         $900     524748                            
                                         32763 B       7.52 Under 1000   40 - 79         $700     522924                            
                                         32763 B       7.52 1500 - 1999  20 - 39       $1,250     513775                            
                                         32763 B       7.52 1000 - 1499  10 - 19       $1,050     509118                            
                                         32763 B       7.52 1000 - 1499  5 - 9         $1,100     522508                            
                                                                                                                                    
ORLANDO                                  32801 A      21.87 2500 - 2999  20 - 39       $2,800     981611                            
                                         32801 A      21.87 2500 - 2999  10 - 19       $1,750     902137                            
                                         32801 C      21.87 1000 - 1499  40 - 79         $795    1107093                            
                                         32801 C      21.87 2500 - 2999  20 - 39       $2,400     982485                            
                                         32801 C      21.87 1500 - 1999  5 - 9         $1,300    1187869                            
                                         32801 C      21.87 2500 - 2999  5 - 9         $1,817    1260690                            
                                         32803 A      18.96 1000 - 1499  40 - 79       $1,350    1131354                            
                                         32803 A      18.96 1500 - 1999  40 - 79       $1,475    1132359                            
                                         32803 A      18.96 2000 - 2499  40 - 79       $2,000     985978                            
                                         32803 A      18.96 1000 - 1499  40 - 79       $1,695    1128094                            
                                         32803 B      18.96 2000 - 2499  40 - 79       $1,695    1128229                            
                                         32803 B      18.96 2500 - 2999  40 - 79       $2,800     967975                            
                                         32803 B      18.96 1000 - 1499  40 - 79         $575    1128280                            
                                         32803 C      18.96 1000 - 1499  40 - 79       $2,095    1129475                            
                                         32804 B      19.46 1000 - 1499  40 - 79       $1,300     970220                            
                                         32804 B      19.46 1000 - 1499  40 - 79       $1,450     963341                            
                                         32804 B      19.46 1000 - 1499  40 - 79       $1,395     973068                            
                                         32804 C      19.46 Under 1000   40 - 79         $900     953828                            
                                         32804 C      19.46 1000 - 1499  40 - 79       $1,000     953572                            
                                         32804 C      19.46 2500 - 2999  Under 5       $3,600     972294                            
                                         32805 B       4.05 1000 - 1499  40 - 79       $1,417    1013735                            
                                         32805 C       4.05 1000 - 1499  40 - 79         $950     993841                            
                                         32805 C       4.05 1000 - 1499  5 - 9         $1,000    1012541                            
                                         32806 A      15.17 1000 - 1499  40 - 79       $1,300    1130999                            
                                         32806 B      15.17 1000 - 1499  40 - 79       $1,325    1008023                            
                                         32806 B      15.17 2000 - 2499  80 - 159      $1,950    1010267                            
                                         32806 B      15.17 1500 - 1999  20 - 39       $1,400    1021800                            
                                         32806 B      15.17 1000 - 1499  40 - 79       $1,695    1132686                            
                                         32807 B       7.87 1000 - 1499  40 - 79       $1,050    1126947                            
                                         32807 B       7.87 1500 - 1999  20 - 39       $1,500    1134849                            
                                         32807 B       7.87 1000 - 1499  40 - 79       $1,000    1126119                            
                                         32807 B       7.87 2500 - 2999  40 - 79       $1,700    1127817                            
                                         32807 C       7.87 1000 - 1499  10 - 19       $1,290    1120308                            
                                         32807 C       7.87 Under 1000   20 - 39         $799    1119394                            
                                         32808 C       4.78 1000 - 1499  40 - 79         $900     959419                            
                                         32808 C       4.78 1000 - 1499  20 - 39         $900     957997                            
                                         32808 C       4.78 1000 - 1499  20 - 39         $750     975869                            
                                         32808 C       4.78 1000 - 1499  20 - 39         $850     945192                            
                                         32808 C       4.78 1000 - 1499  40 - 79         $850     864452                            
                                         32808 C       4.78 1000 - 1499  20 - 39         $850     961471                            
                                         32808 C       4.78 1000 - 1499  40 - 79         $900     961082                            
                                         32808 C       4.78 1500 - 1999  40 - 79       $1,090     961248                            
                                         32808 C       4.78 Under 1000   40 - 79         $725     960059                            
                                         32808 C       4.78 Under 1000   20 - 39         $700     978488                            
                                         32808 C       4.78 1000 - 1499  20 - 39         $967     957957                            
                                         32808 C       4.78 1000 - 1499  20 - 39       $1,100     945120                            
                                         32808 C       4.78 1000 - 1499  40 - 79         $950     979067                            
                                         32809 B       8.39 Under 1000   40 - 79         $599    1041661                            
                                         32809 C       8.39 1000 - 1499  40 - 79       $1,000    1033038                            
                                         32809 C       8.39 1000 - 1499  40 - 79         $895    1042352                            
                                         32809 C       8.39 1000 - 1499  40 - 79       $1,250    1035186                            
                                         32809 C       8.39 1000 - 1499  10 - 19         $975    1042040                            
                                         32810 C       7.99 1000 - 1499  40 - 79         $895     939259                            
                                         32810 C       7.99 Under 1000   10 - 19         $850     943615                            
                                         32810 C       7.99 1000 - 1499  10 - 19       $1,200     943574                            
                                         32810 C       7.99 Under 1000   40 - 79         $850     945628                            
                                         32810 C       7.99 1000 - 1499  5 - 9           $875     945348                            
                                         32810 C       7.99 Under 1000   80 - 159        $775     942863                            
                                         32811 C       4.35 Under 1000   40 - 79         $797    1015349                            
                                         32811 C       4.35 1000 - 1499  10 - 19         $950     998803                            
                                         32811 C       4.35 Under 1000   40 - 79         $850     995951                            
                                         32811 C       4.35 1500 - 1999  20 - 39         $950     997636                            
                                         32811 C       4.35 1500 - 1999  40 - 79         $900    1016603                            
                                         32811 C       4.35 2000 - 2499  40 - 79       $1,100     999875                            
                                         32811 C       4.35 1000 - 1499  20 - 39         $750     999140                            
                                         32811 C       4.35 Under 1000   40 - 79         $750     999325                            
                                         32811 C       4.35 1000 - 1499  5 - 9           $950     999285                            
                                         32812 A      12.79 2000 - 2499  10 - 19       $1,995    1173435                            
                                         32812 B      12.79 2000 - 2499  20 - 39       $1,600    1147833                            
                                         32814 B      26.01 2000 - 2499  5 - 9         $2,400    1110513                            
                                         32814 B      26.01 2000 - 2499  5 - 9         $2,750    1109643                            
                                         32814 B      26.01 2000 - 2499  5 - 9         $2,385    1111018                            
                                         32817 B      11.67 1500 - 1999  10 - 19       $1,400    1209235                            
                                         32817 B      11.67 1000 - 1499  20 - 39         $950    1199837                            
                                         32817 B      11.67 1500 - 1999  10 - 19       $1,200    1208344                            
                                         32817 B      11.67 1000 - 1499  20 - 39         $950    1210010                            
                                         32817 B      11.67 1000 - 1499  10 - 19       $1,375    1198035                            
                                         32817 B      11.67 1500 - 1999  10 - 19       $1,400    1197508                            
                                         32817 C      11.67 Under 1000   40 - 79         $900    1106493                            
                                         32817 C      11.67 Under 1000   20 - 39         $695    1208242                            
                                         32817 C      11.67 1000 - 1499  20 - 39       $1,000    1201733                            
                                         32818 B       7.07 1500 - 1999  5 - 9         $1,200     852272                            
                                         32818 B       7.07 1000 - 1499  20 - 39       $1,000     848627                            
                                         32818 B       7.07 1000 - 1499  20 - 39         $750     868015                            
                                         32818 B       7.07 1000 - 1499  20 - 39       $1,000     851329                            
                                         32818 C       7.07 1000 - 1499  20 - 39         $895     862813                            
                                         32818 C       7.07 Under 1000   40 - 79         $900     846140                            
                                         32818 C       7.07 1000 - 1499  20 - 39         $995     851222                            
                                         32818 C       7.07 1000 - 1499  5 - 9         $1,050     852154                            
                                         32818 C       7.07 2500 - 2999  5 - 9         $1,400     851892                            
                                         32818 C       7.07 1000 - 1499  10 - 19         $950     864241                            
                                         32818 C       7.07 1000 - 1499  10 - 19         $950     864054                            
                                         32819 A      17.59 2500 - 2999  20 - 39       $1,700     915722                            
                                         32819 A      17.59 2500 - 2999  20 - 39       $1,825     909194                            
                                         32819 A      17.59 2500 - 2999  10 - 19       $2,895     910790                            
                                         32819 B      17.59 1500 - 1999  20 - 39       $1,575     915472                            
                                         32819 B      17.59 1500 - 1999  20 - 39       $1,495     915011                            
                                         32819 B      17.59 2500 - 2999  20 - 39       $2,295     910206                            
                                         32819 B      17.59 5000 - 5999  10 - 19       $5,000     913965                            
                                         32819 B      17.59 1500 - 1999  20 - 39       $1,575     916017                            
                                         32819 B      17.59 1500 - 1999  20 - 39       $1,650     910246                            
                                         32819 C      17.59 4000 - 4999  10 - 19       $4,500     914752                            
                                         32819 C      17.59 2000 - 2499  20 - 39       $3,200     913810                            
                                         32819 C      17.59 3000 - 3999  20 - 39       $3,200     917868                            
                                         32819 C      17.59 1500 - 1999  40 - 79       $2,350     921633                            
                                         32819 C      17.59 3000 - 3999  10 - 19       $3,600     914362                            
                                         32819 C      17.59 2000 - 2499  5 - 9         $1,800     918744                            
                                         32819 C      17.59 2000 - 2499  20 - 39       $3,950     919787                            
                                         32819 C      17.59 5000 - 5999  20 - 39       $4,900     914440                            
                                         32819 C      17.59 2500 - 2999  20 - 39       $1,500     911605                            
                                         32819 C      17.59 1000 - 1499  40 - 79         $850    1044571                            
                                         32819 C      17.59 1500 - 1999  5 - 9         $1,650     919274                            
                                         32820 B      12.06 2000 - 2499  5 - 9         $1,500    1258972                            
                                         32820 B      12.06 3000 - 3999  5 - 9         $1,950    1259295                            
                                         32820 C      12.06 2000 - 2499  5 - 9         $1,350    1259040                            
                                         32820 C      12.06 2000 - 2499  5 - 9         $1,425    1260064                            
                                         32820 C      12.06 1500 - 1999  5 - 9         $1,375    1259172                            
                                         32821 A      12.41 2500 - 2999  10 - 19       $2,100    1060291                            
                                         32821 A      12.41 1500 - 1999  20 - 39       $1,100    1049456                            
                                         32821 A      12.41 2500 - 2999  10 - 19       $2,000    1060273                            
                                         32821 B      12.41 1500 - 1999  20 - 39       $1,450    1049017                            
                                         32821 B      12.41 1000 - 1499  20 - 39       $1,100    1050069                            
                                         32821 B      12.41 1500 - 1999  20 - 39       $1,250    1049102                            
                                         32821 B      12.41 1500 - 1999  20 - 39       $1,150    1048584                            
                                         32821 B      12.41 1500 - 1999  20 - 39       $1,300    1048639                            
                                         32821 B      12.41 1500 - 1999  20 - 39       $1,450    1059630                            
                                         32822 B       8.74 1500 - 1999  40 - 79       $1,000    1171020                            
                                         32822 B       8.74 1000 - 1499  20 - 39       $1,000    1144164                            
                                         32822 B       8.74 1000 - 1499  5 - 9         $1,050    1171742                            
                                         32822 B       8.74 1000 - 1499  20 - 39         $795    1146726                            
                                         32822 C       8.74 1000 - 1499  10 - 19       $1,250    1161546                            
                                         32822 C       8.74 1000 - 1499  20 - 39         $995    1139117                            
                                         32822 C       8.74 1000 - 1499  10 - 19       $1,150    1178464                            
                                         32822 C       8.74 1500 - 1999  10 - 19       $1,280    1170081                            
                                         32824 A      10.61 1500 - 1999  Under 5       $1,167    1187294                            
                                         32824 B      10.61 1500 - 1999  Under 5       $1,200    1193120                            
                                         32824 B      10.61 1500 - 1999  5 - 9         $1,300    1187250                            
                                         32824 B      10.61 1500 - 1999  5 - 9         $1,100    1187173                            
                                         32824 B      10.61 1500 - 1999  5 - 9         $1,400    1187254                            
                                         32824 B      10.61 1000 - 1499  5 - 9         $1,295    1189184                            
                                         32824 B      10.61 1500 - 1999  5 - 9         $1,200    1189108                            
                                         32824 B      10.61 1000 - 1499  10 - 19       $2,200    1193264                            
                                         32824 B      10.61 1500 - 1999  10 - 19       $1,250    1053807                            
                                         32824 C      10.61 2500 - 2999  5 - 9         $1,550    1191731                            
                                         32824 C      10.61 2000 - 2499  20 - 39       $1,250    1067959                            
                                         32824 C      10.61 1000 - 1499  10 - 19       $1,150    1080816                            
                                         32824 C      10.61 1000 - 1499  10 - 19       $1,150    1081133                            
                                         32824 C      10.61 1500 - 1999  10 - 19       $1,350    1081761                            
                                         32824 C      10.61 2000 - 2499  10 - 19       $1,775    1065644                            
                                         32824 C      10.61 Under 1000   40 - 79         $800    1045981                            
                                         32824 C      10.61 1000 - 1499  10 - 19       $1,100    1080454                            
                                         32824 C      10.61 1500 - 1999  10 - 19       $1,300    1082458                            
                                         32824 C      10.61 3000 - 3999  10 - 19       $1,595    1080296                            
                                         32824 C      10.61 2000 - 2499  10 - 19       $1,300    1080235                            
                                         32824 C      10.61 1500 - 1999  20 - 39       $1,050    1068993                            
                                         32824 C      10.61 1500 - 1999  10 - 19       $1,450    1189368                            
                                         32824 C      10.61 2500 - 2999  5 - 9         $1,600    1053041                            
                                         32824 C      10.61 1500 - 1999  10 - 19       $1,300    1186213                            
                                         32825 B      11.14 2500 - 2999  5 - 9         $2,195    1240697                            
                                         32825 B      11.14 1000 - 1499  10 - 19         $525    1212127                            
                                         32825 B      11.14 1500 - 1999  10 - 19       $1,200    1228536                            
                                         32825 B      11.14 1000 - 1499  20 - 39       $1,100    1215988                            
                                         32825 B      11.14 1500 - 1999  20 - 39       $1,350    1227880                            
                                         32825 B      11.14 1000 - 1499  10 - 19       $1,295    1228501                            
                                         32825 B      11.14 1000 - 1499  20 - 39       $1,167    1213389                            
                                         32825 B      11.14 1000 - 1499  10 - 19       $1,225    1241413                            
                                         32825 B      11.14 1500 - 1999  5 - 9         $1,295    1120125                            
                                         32825 B      11.14 2000 - 2499  10 - 19       $1,500    1240076                            
                                         32825 B      11.14 1000 - 1499  20 - 39         $850    1121340                            
                                         32825 B      11.14 2500 - 2999  5 - 9         $1,700    1229221                            
                                         32825 B      11.14 2500 - 2999  5 - 9         $1,850    1237677                            
                                         32825 B      11.14 1000 - 1499  20 - 39       $1,150    1120836                            
                                         32825 B      11.14 1500 - 1999  20 - 39       $1,350    1228928                            
                                         32825 B      11.14 2500 - 2999  5 - 9         $1,550    1238994                            
                                         32825 B      11.14 1000 - 1499  20 - 39         $850    1212226                            
                                         32825 B      11.14 2500 - 2999  5 - 9         $1,950    1229495                            
                                         32825 B      11.14 1000 - 1499  10 - 19       $1,175    1212993                            
                                         32826 B      11.07 Under 1000   20 - 39         $795    1206278                            
                                         32826 B      11.07 2000 - 2499  10 - 19       $1,395    1195942                            
                                         32826 B      11.07 2500 - 2999  10 - 19       $1,867    1195659                            
                                         32826 B      11.07 1500 - 1999  10 - 19       $1,300    1193652                            
                                         32826 B      11.07 1000 - 1499  10 - 19       $1,300    1194302                            
                                         32826 B      11.07 1000 - 1499  20 - 39         $850    1206596                            
                                         32826 B      11.07 1000 - 1499  10 - 19       $1,500    1204563                            
                                         32826 B      11.07 1500 - 1999  5 - 9         $1,195    1193707                            
                                         32826 B      11.07 1000 - 1499  20 - 39       $1,195    1205767                            
                                         32826 B      11.07 Under 1000   20 - 39         $765    1206981                            
                                         32826 C      11.07 1000 - 1499  5 - 9         $1,400    1218555                            
                                         32826 C      11.07 1000 - 1499  10 - 19       $1,250    1217816                            
                                         32826 C      11.07 1000 - 1499  20 - 39         $740    1206609                            
                                         32826 C      11.07 1000 - 1499  10 - 19       $1,200    1205521                            
                                         32828 A      12.33 1500 - 1999  Under 5       $1,350    1274895                            
                                         32828 A      12.33 1000 - 1499  5 - 9         $1,250    1273515                            
                                         32828 A      12.33 1000 - 1499  5 - 9         $1,200    1216906                            
                                         32828 A      12.33 1000 - 1499  10 - 19       $1,350    1271954                            
                                         32828 A      12.33 1000 - 1499  5 - 9         $1,250    1272436                            
                                         32828 A      12.33 1000 - 1499  5 - 9         $1,300    1216808                            
                                         32828 A      12.33 1000 - 1499  5 - 9         $1,275    1276175                            
                                         32828 A      12.33 2000 - 2499  10 - 19       $1,800    1236584                            
                                         32828 A      12.33 4000 - 4999  5 - 9         $3,500    1237020                            
                                         32828 B      12.33 2500 - 2999  10 - 19       $1,500    1234255                            
                                         32828 B      12.33 2500 - 2999  10 - 19       $1,717    1234264                            
                                         32828 B      12.33 1500 - 1999  10 - 19       $1,350    1217378                            
                                         32828 B      12.33 3000 - 3999  5 - 9         $2,100    1273966                            
                                         32828 B      12.33 1000 - 1499  20 - 39       $1,200    1222304                            
                                         32828 B      12.33 2500 - 2999  5 - 9         $1,695    1272455                            
                                         32828 B      12.33 3000 - 3999  5 - 9         $1,795    1273654                            
                                         32828 B      12.33 1500 - 1999  10 - 19       $1,195    1237563                            
                                         32828 B      12.33 1500 - 1999  10 - 19       $1,395    1219276                            
                                         32828 B      12.33 1500 - 1999  5 - 9         $1,395    1273673                            
                                         32828 B      12.33 2500 - 2999  5 - 9         $1,900    1236325                            
                                         32828 B      12.33 1500 - 1999  20 - 39       $1,350    1222312                            
                                         32828 B      12.33 3000 - 3999  5 - 9         $2,000    1264450                            
                                         32828 B      12.33 2000 - 2499  5 - 9         $1,650    1264769                            
                                         32828 B      12.33 2000 - 2499  5 - 9         $1,500    1273999                            
                                         32828 B      12.33 1500 - 1999  5 - 9         $1,295    1273197                            
                                         32828 B      12.33 2000 - 2499  10 - 19       $1,550    1219975                            
                                         32828 B      12.33 2500 - 2999  5 - 9         $1,800    1217567                            
                                         32828 B      12.33 2500 - 2999  5 - 9         $1,799    1267490                            
                                         32828 B      12.33 2000 - 2499  5 - 9         $1,450    1264786                            
                                         32828 B      12.33 1500 - 1999  10 - 19       $1,250    1232869                            
                                         32828 B      12.33 2000 - 2499  20 - 39       $1,500    1231892                            
                                         32828 B      12.33 1500 - 1999  10 - 19       $1,325    1221056                            
                                         32828 B      12.33 2000 - 2499  5 - 9         $1,595    1265315                            
                                         32828 C      12.33 2000 - 2499  5 - 9         $1,550    1266891                            
                                         32828 C      12.33 2000 - 2499  5 - 9           $800    1276462                            
                                         32828 C      12.33 1500 - 1999  5 - 9         $1,500    1223154                            
                                         32828 C      12.33 1500 - 1999  5 - 9         $1,400    1223146                            
                                         32828 C      12.33 3000 - 3999  5 - 9         $2,250    1271972                            
                                         32828 C      12.33 1500 - 1999  10 - 19       $1,217    1217050                            
                                         32828 C      12.33 2000 - 2499  10 - 19       $1,290    1272169                            
                                         32828 C      12.33 2000 - 2499  5 - 9         $1,600    1267485                            
                                         32828 C      12.33 2000 - 2499  5 - 9         $1,350    1268259                            
                                         32829 A       11.8 1500 - 1999  5 - 9         $1,300    1246020                            
                                         32829 B       11.8 3000 - 3999  5 - 9         $1,600    1245504                            
                                         32829 B       11.8 2500 - 2999  5 - 9         $2,095    1180560                            
                                         32829 B       11.8 1000 - 1499  10 - 19       $1,300    1244082                            
                                         32829 B       11.8 1000 - 1499  20 - 39       $1,500    1166058                            
                                         32829 B       11.8 1500 - 1999  5 - 9         $1,395    1245688                            
                                         32829 B       11.8 1000 - 1499  20 - 39       $1,250    1167856                            
                                         32829 B       11.8 3000 - 3999  5 - 9         $1,850    1245440                            
                                         32829 B       11.8 2500 - 2999  5 - 9         $1,600    1180950                            
                                         32829 B       11.8 2500 - 2999  5 - 9         $1,400    1244408                            
                                         32829 B       11.8 1500 - 1999  10 - 19       $1,250    1166099                            
                                         32829 B       11.8 3000 - 3999  5 - 9         $2,333    1181413                            
                                         32829 C       11.8 1500 - 1999  5 - 9         $1,225    1244342                            
                                         32829 C       11.8 1500 - 1999  5 - 9         $1,100    1244377                            
                                         32832 A      13.07 3000 - 3999  5 - 9         $2,895    1252984                            
                                         32832 A      13.07 2000 - 2499  5 - 9         $2,100    1252351                            
                                         32832 A      13.07 3000 - 3999  10 - 19       $3,400    1252392                            
                                         32832 A      13.07 3000 - 3999  5 - 9         $3,795    1254822                            
                                         32832 B      13.07 2000 - 2499  5 - 9         $1,500    1251086                            
                                         32832 B      13.07 1500 - 1999  5 - 9         $1,195    1247904                            
                                         32832 B      13.07 2500 - 2999  5 - 9         $1,895    1255429                            
                                         32832 B      13.07 1000 - 1499  5 - 9         $1,250    1247894                            
                                         32832 B      13.07 2500 - 2999  5 - 9         $1,600    1255679                            
                                         32832 B      13.07 2500 - 2999  5 - 9         $1,750    1246990                            
                                         32832 B      13.07 2500 - 2999  5 - 9         $1,700    1255352                            
                                         32832 B      13.07 1500 - 1999  5 - 9         $1,350    1250286                            
                                         32832 B      13.07 2500 - 2999  5 - 9         $2,095    1247051                            
                                         32832 B      13.07 2500 - 2999  5 - 9         $1,875    1251011                            
                                         32832 B      13.07 2000 - 2499  5 - 9         $1,450    1247806                            
                                         32832 B      13.07 1500 - 1999  5 - 9         $1,317    1248160                            
                                         32832 B      13.07 3000 - 3999  5 - 9         $1,895    1255190                            
                                         32832 B      13.07 2500 - 2999  5 - 9         $2,300    1255397                            
                                         32832 C      13.07 1500 - 1999  5 - 9         $1,300    1251425                            
                                         32833 B      10.93 2000 - 2499  5 - 9         $1,375    1277576                            
                                         32833 B      10.93 2000 - 2499  5 - 9         $1,295    1277449                            
                                         32833 B      10.93 2000 - 2499  5 - 9         $1,600    1269947                            
                                         32833 C      10.93 1500 - 1999  10 - 19       $1,295    1277057                            
                                         32835 A      11.63 2000 - 2499  10 - 19       $2,500     893811                            
                                         32835 A      11.63 1500 - 1999  5 - 9         $1,450     906902                            
                                         32835 B      11.63 1000 - 1499  20 - 39         $875     897838                            
                                         32835 C      11.63 2500 - 2999  20 - 39       $2,650     905742                            
                                         32835 C      11.63 2000 - 2499  10 - 19       $2,150     902510                            
                                         32835 C      11.63 3000 - 3999  10 - 19       $3,300     901727                            
                                         32835 C      11.63 1000 - 1499  40 - 79         $800     881800                            
                                         32835 C      11.63 3000 - 3999  20 - 39       $3,300     894717                            
                                         32835 C      11.63 3000 - 3999  10 - 19       $3,000     901662                            
                                         32835 C      11.63 1000 - 1499  20 - 39       $1,117     882755                            
                                         32835 C      11.63 1000 - 1499  20 - 39       $1,250     884512                            
                                         32836 A      20.61 2500 - 2999  10 - 19       $2,775     931374                            
                                         32836 A      20.61 4000 - 4999  10 - 19       $7,000     928725                            
                                         32836 A      20.61 4000 - 4999  10 - 19       $4,995     925727                            
                                         32836 B      20.61 5000 - 5999  10 - 19       $4,400     924397                            
                                         32836 B      20.61 2000 - 2499  5 - 9         $2,150     925500                            
                                         32836 B      20.61 2500 - 2999  20 - 39       $2,900     928061                            
                                         32836 C      20.61 2500 - 2999  10 - 19       $2,700     929193                            
                                         32836 C      20.61 2500 - 2999  5 - 9         $3,200     925328                            
                                         32836 C      20.61 3000 - 3999  10 - 19       $3,500     926105                            
                                         32836 C      20.61 6000 - 9999  10 - 19       $6,000     930321                            
                                         32836 C      20.61 2000 - 2499  10 - 19       $2,250     930540                            
                                         32836 C      20.61 3000 - 3999  10 - 19       $3,500     926682                            
                                         32836 C      20.61 2500 - 2999  5 - 9         $3,750     926645                            
                                         32836 C      20.61 2000 - 2499  10 - 19       $2,250     927746                            
                                         32837 B      12.61 2500 - 2999  5 - 9         $1,899    1073975                            
                                         32837 B      12.61 1500 - 1999  10 - 19       $1,395    1071624                            
                                         32837 B      12.61 3000 - 3999  10 - 19       $2,850    1073792                            
                                         32837 B      12.61 1500 - 1999  10 - 19       $1,795    1078146                            
                                         32837 B      12.61 1500 - 1999  20 - 39       $1,250    1064576                            
                                         32837 B      12.61 2500 - 2999  5 - 9         $2,000    1074041                            
                                         32837 B      12.61 2000 - 2499  10 - 19       $1,650    1070853                            
                                         32837 B      12.61 2000 - 2499  20 - 39       $1,495    1061840                            
                                         32837 B      12.61 1000 - 1499  10 - 19       $1,300    1051644                            
                                         32837 C      12.61 3000 - 3999  5 - 9         $2,200    1078823                            
                                         32837 C      12.61 3000 - 3999  5 - 9         $2,250    1078806                            
                                         32837 C      12.61 Under 1000   20 - 39         $800    1051894                            
                                         32839 B       7.93 1500 - 1999  40 - 79       $1,125    1022248                            
                                                                                                                                    
ORMOND BEACH                             32174 B      12.99 1500 - 1999  5 - 9         $1,200     530280                            
                                                                                                                                    
PALM BAY                                 32905 C       6.57 1000 - 1499  20 - 39         $750     366071                            
                                         32907 B       7.53 1000 - 1499  10 - 19         $800     328427                            
                                         32907 B       7.53 1500 - 1999  20 - 39         $900     319781                            
                                         32907 B       7.53 2000 - 2499  5 - 9         $1,150     336110                            
                                         32907 B       7.53 2000 - 2499  5 - 9         $1,100     378800                            
                                         32907 C       7.53 1000 - 1499  10 - 19         $800     327355                            
                                         32908 B       6.94 1500 - 1999  5 - 9         $1,200     400094                            
                                         32908 B       6.94 2000 - 2499  5 - 9         $1,200     412351                            
                                         32908 C       6.94 1000 - 1499  20 - 39         $825     397076                            
                                         32909 B       7.63 1000 - 1499  5 - 9           $825     449403                            
                                         32909 B       7.63 2000 - 2499  10 - 19       $1,400     441723                            
                                         32909 B       7.63 2000 - 2499  10 - 19       $1,000     435294                            
                                                                                                                                    
PORT ORANGE                              32128 B      15.35 2000 - 2499  20 - 39       $1,900     638235                            
                                                                                                                                    
ROCKLEDGE                                32955 A       12.8 3000 - 3999  5 - 9         $4,750     210378                            
                                         32955 B       12.8 2000 - 2499  5 - 9         $2,595     207689                            
                                         32955 B       12.8 1500 - 1999  10 - 19       $1,495     206578                            
                                         32955 B       12.8 2000 - 2499  5 - 9         $2,500     208580                            
                                         32955 B       12.8 1500 - 1999  5 - 9         $1,450     207499                            
                                         32955 B       12.8 3000 - 3999  5 - 9         $1,980     193406                            
                                         32955 B       12.8 2500 - 2999  10 - 19       $2,495     191072                            
                                         32955 B       12.8 2500 - 2999  10 - 19       $1,600     205947                            
                                         32955 B       12.8 1500 - 1999  5 - 9         $1,200     201315                            
                                         32955 B       12.8 2000 - 2499  5 - 9         $2,100     207112                            
                                         32955 B       12.8 1500 - 1999  5 - 9         $1,495     210251                            
                                         32955 C       12.8 1000 - 1499  40 - 79         $950     192245                            
                                         32955 C       12.8 1000 - 1499  40 - 79         $974     192639                            
                                         32955 C       12.8 1000 - 1499  40 - 79         $895     192944                            
                                                                                                                                    
SATELLITE BEACH                          32937 B      16.07 1000 - 1499  40 - 79       $1,350     271816                            
                                         32937 B      16.07 1000 - 1499  40 - 79       $1,200     276992                            
                                                                                                                                    
TITUSVILLE                               32780 B       8.19 1500 - 1999  20 - 39       $1,200      86035                            
                                         32780 B       8.19 1000 - 1499  40 - 79         $995      89545                            
                                         32780 B       8.19 1500 - 1999  40 - 79       $1,000      87788                            
                                         32780 C       8.19 1000 - 1499  40 - 79         $800      81229                            
                                         32780 C       8.19 1000 - 1499  40 - 79         $900      84901                            
                                         32796 B          7 Under 1000   5 - 9           $650      73508                            
                                         32796 C          7 Under 1000   40 - 79         $700      67913                            
                                                                                                                                    
WINDERMERE                               34786 A      18.73 3000 - 3999  5 - 9         $2,500     791800                            
                                         34786 A      18.73 3000 - 3999  5 - 9         $3,500     890798                            
                                         34786 A      18.73 1500 - 1999  40 - 79       $1,800     892499                            
                                         34786 A      18.73 2500 - 2999  5 - 9         $2,200     799038                            
                                         34786 A      18.73 3000 - 3999  5 - 9         $3,200     890822                            
                                         34786 A      18.73 3000 - 3999  5 - 9         $3,000     892966                            
                                         34786 A      18.73 3000 - 3999  5 - 9         $2,400     890887                            
                                         34786 A      18.73 3000 - 3999  5 - 9         $3,200     892965                            
                                         34786 A      18.73 3000 - 3999  5 - 9         $2,600     890894                            
                                         34786 A      18.73 2500 - 2999  5 - 9         $2,900     922219                            
                                         34786 A      18.73 4000 - 4999  5 - 9         $6,000     892954                            
                                         34786 A      18.73 1000 - 1499  5 - 9         $1,166     802082                            
                                         34786 B      18.73 4000 - 4999  10 - 19       $3,995     904425                            
                                         34786 B      18.73 2500 - 2999  5 - 9         $1,950     793430                            
                                         34786 B      18.73 4000 - 4999  10 - 19       $4,000     904948                            
                                         34786 B      18.73 2000 - 2499  5 - 9         $1,550     794003                            
                                         34786 B      18.73 4000 - 4999  10 - 19      $10,000     912077                            
                                         34786 B      18.73 2500 - 2999  5 - 9         $1,795     801208                            
                                         34786 B      18.73 2000 - 2499  10 - 19       $1,800     796680                            
                                         34786 B      18.73 6000 - 9999  10 - 19       $7,500     912070                            
                                         34786 B      18.73 6000 - 9999  5 - 9         $8,000     890543                            
                                         34786 B      18.73 2500 - 2999  10 - 19       $2,500     796692                            
                                         34786 B      18.73 5000 - 5999  5 - 9         $7,500     913587                            
                                         34786 B      18.73 3000 - 3999  5 - 9         $2,600     793664                            
                                         34786 B      18.73 2000 - 2499  5 - 9         $1,650     797040                            
                                         34786 C      18.73 3000 - 3999  20 - 39       $3,100     786894                            
                                         34786 C      18.73 3000 - 3999  5 - 9         $4,000     913498                            
                                         34786 C      18.73 3000 - 3999  5 - 9         $2,795     923197                            
                                         34786 C      18.73 1000 - 1499  Under 5       $1,600     798626                            
                                         34786 C      18.73 4000 - 4999  5 - 9         $4,500     793041                            
                                         34786 C      18.73 2500 - 2999  20 - 39       $5,000     911937                            
                                         34786 C      18.73 6000 - 9999  20 - 39      $12,000     911837                            
                                         34786 C      18.73 3000 - 3999  5 - 9         $3,750     793771                            
                                         34786 C      18.73 4000 - 4999  20 - 39       $5,900     911722                            
                                         34786 C      18.73 5000 - 5999  5 - 9         $7,500     796142                            
                                         34786 C      18.73 3000 - 3999  5 - 9         $4,200     913492                            
                                         34786 C      18.73 4000 - 4999  5 - 9         $8,500     911879                            
                                         34786 C      18.73 1500 - 1999  5 - 9         $1,392     794283                            
                                                                                                                                    
WINTER GARDEN                            34787 A      12.77 1000 - 1499  5 - 9         $1,250     779262                            
                                         34787 A      12.77 2500 - 2999  10 - 19       $1,950     786032                            
                                         34787 B      12.77 3000 - 3999  5 - 9         $2,295     788005                            
                                         34787 B      12.77 1500 - 1999  5 - 9         $1,675     784449                            
                                         34787 B      12.77 2500 - 2999  80 - 159      $3,200     775541                            
                                         34787 B      12.77 2500 - 2999  5 - 9         $2,300     783746                            
                                         34787 B      12.77 3000 - 3999  5 - 9         $1,950     778868                            
                                         34787 B      12.77 1500 - 1999  5 - 9         $1,595     788136                            
                                         34787 B      12.77 1000 - 1499  10 - 19       $1,300     789818                            
                                         34787 B      12.77 1000 - 1499  20 - 39         $750     781383                            
                                         34787 B      12.77 2500 - 2999  10 - 19       $2,500     787600                            
                                         34787 B      12.77 3000 - 3999  5 - 9         $2,132     787880                            
                                         34787 B      12.77 1500 - 1999  10 - 19       $1,750     778270                            
                                         34787 C      12.77 1500 - 1999  Under 5       $1,500     784000                            
                                         34787 C      12.77 1000 - 1499  5 - 9         $1,167     795622                            
                                         34787 C      12.77 1000 - 1499  5 - 9         $1,325     795599                            
                                         34787 C      12.77 1000 - 1499  5 - 9           $817     781878                            
                                         34787 C      12.77 1000 - 1499  20 - 39         $742     781563                            
                                         34787 C      12.77 1000 - 1499  20 - 39         $775     770361                            
                                         34787 C      12.77 1000 - 1499  20 - 39         $800     777956                            
                                                                                                                                    
WINTER PARK                              32789 A       23.3 3000 - 3999  40 - 79       $3,800    1097634                            
                                         32789 A       23.3 4000 - 4999  5 - 9         $6,800    1093893                            
                                         32789 B       23.3 3000 - 3999  5 - 9         $4,400    1112451                            
                                         32789 B       23.3 1500 - 1999  40 - 79         $950     966632                            
                                         32789 B       23.3 4000 - 4999  10 - 19       $4,500     951489                            
                                         32789 B       23.3 1500 - 1999  40 - 79       $1,200    1088367                            
                                         32789 B       23.3 1000 - 1499  40 - 79         $745     966015                            
                                         32789 B       23.3 1500 - 1999  Under 5       $2,850    1096130                            
                                         32789 B       23.3 1000 - 1499  40 - 79         $800    1095697                            
                                         32789 B       23.3 3000 - 3999  20 - 39       $6,500    1095367                            
                                         32789 B       23.3 3000 - 3999  40 - 79       $3,700    1086504                            
                                         32789 B       23.3 1000 - 1499  40 - 79       $2,200    1097738                            
                                         32789 B       23.3 1500 - 1999  40 - 79       $1,700    1111656                            
                                         32789 C       23.3 1500 - 1999  40 - 79       $2,500    1099287                            
                                         32789 C       23.3 1000 - 1499  40 - 79         $900     965630                            
                                         32789 C       23.3 6000 - 9999  80 - 159     $12,500    1095510                            
                                         32792 B      15.07 1000 - 1499  20 - 39       $1,225    1102215                            
                                         32792 C      15.07 2000 - 2499  40 - 79       $2,100    1101607                            
                                                                                                                                    

615 rows selected.

SQL> spoold off
SP2-0042: unknown command "spoold off" - rest of line ignored.
SQL> spool off
